Application     C:\Users\gfeeney\Desktop\zambia\2010\cspro\age.sex.xtb
Type            Tab
Input Data      C:\Users\gfeeney\Desktop\zambia\2010\cspro\testdata.dat
Output          C:\Users\gfeeney\Desktop\zambia\2010\cspro\testdata.dat.tab

Date            Aug 21, 2014
Start Time      12:26:10
End Time        12:27:37

CSPRO Process Summary
          +-----------------------------------------------------+
          | 1321973 Records Read ( 100% of input file)          |
          |       0 Ignored (       0 unknown,        0 erased) |
          |       0 Messages (       0 U,       0 W,       0 E) |
          +---------+--------------+--------------+-------------+
          |  Level  |  Input Case  |  Bad Struct  |  Level Post |
          +---------+--------------+--------------+-------------+
          |     1   |    1321973   |          0   |    1321973  |
          +---------+--------------+--------------+-------------+                                                     
                                                                                
                                                                                
                                                                                

Process Messages

CSPRO Executor Normal End
--------------------------------------------------------------------------------
Application     C:\Users\gfeeney\Desktop\zambia\2010\cspro\age.sex.xtb
Type            Format
Input Data      C:\Users\gfeeney\Desktop\zambia\2010\cspro\testdata.dat.tab
Output          C:\Users\gfeeney\Desktop\zambia\2010\cspro\age.sex.xtb.tbw

Date            Aug 21, 2014
Start Time      12:27:37
End Time        12:27:37

CSPRO Process Summary
          +-----------------------------------------------------+
          |       2 Slices  Read ( 100% of input file)          |
          |       0 Ignored (       0 unknown,        0 erased) |
          |       0 Messages (       0 U,       0 W,       0 E) |
          +-----------------------------------------------------+
                                                                         

Process Messages

CSPRO Executor Normal End
--------------------------------------------------------------------------------
